../Core/Src/quadspi.c:30:6:MX_QUADSPI_Init	8	static
../Core/Src/quadspi.c:59:6:HAL_QSPI_MspInit	248	static
../Core/Src/quadspi.c:137:6:HAL_QSPI_MspDeInit	16	static
../Core/Src/quadspi.c:172:9:QSPI_ResetChip	72	static,ignoring_inline_asm
../Core/Src/quadspi.c:216:9:QSPI_AutoPollingMemReady	96	static
../Core/Src/quadspi.c:247:9:QSPI_Configuration	72	static
../Core/Src/quadspi.c:339:9:CSP_QUADSPI_Init	8	static
../Core/Src/quadspi.c:353:16:QSPI_WriteEnable	96	static
../Core/Src/quadspi.c:392:9:CSP_QSPI_Erase_Chip	64	static
../Core/Src/quadspi.c:430:9:CSP_QSPI_EraseBlock	80	static
../Core/Src/quadspi.c:460:9:CSP_QSPI_EraseSector	72	static
../Core/Src/quadspi.c:502:9:CSP_QSPI_WriteMemory	96	static
../Core/Src/quadspi.c:584:9:CSP_QSPI_EnableMemoryMappedMode	72	static
../Core/Src/quadspi.c:616:9:CSP_QSPI_EnableMemoryMappedMode2	72	static
