../Core/Src/ThermocoupleMath.c:40:8:Thermocouple_direct	40	static
../Core/Src/ThermocoupleMath.c:61:8:Thermocouple_inverse	40	static
../Core/Src/ThermocoupleMath.c:193:8:Type_L_Thermocouple_200to0_direct	32	static
../Core/Src/ThermocoupleMath.c:200:8:Type_L_Thermocouple_0to800_direct	32	static
../Core/Src/ThermocoupleMath.c:208:8:Type_L_Thermocouple_direct	16	static
../Core/Src/ThermocoupleMath.c:218:8:Type_L_Thermocouple_m9488to0_inverse	32	static
../Core/Src/ThermocoupleMath.c:225:8:Type_L_Thermocouple_0to66466_inverse	32	static
../Core/Src/ThermocoupleMath.c:233:8:Type_L_Thermocouple_inverse	16	static
../Core/Src/ThermocoupleMath.c:243:8:Type_M_Thermocouple_direct	32	static
../Core/Src/ThermocoupleMath.c:257:8:Type_M_Thermocouple_inverse	32	static
../Core/Src/ThermocoupleMath.c:271:8:Type_A3_Thermocouple_direct	32	static
../Core/Src/ThermocoupleMath.c:285:8:Type_A3_Thermocouple_inverse	32	static
../Core/Src/ThermocoupleMath.c:300:8:Type_A2_Thermocouple_direct	32	static
../Core/Src/ThermocoupleMath.c:314:8:Type_A2_Thermocouple_inverse	32	static
../Core/Src/ThermocoupleMath.c:328:8:Type_A1_Thermocouple_direct	32	static
../Core/Src/ThermocoupleMath.c:342:8:Type_A1_Thermocouple_inverse	32	static
../Core/Src/ThermocoupleMath.c:356:8:Type_T_Thermocouple_m270to0_direct	32	static
../Core/Src/ThermocoupleMath.c:363:8:Type_T_Thermocouple_0to1000_direct	32	static
../Core/Src/ThermocoupleMath.c:371:8:Type_T_Thermocouple_direct	16	static
../Core/Src/ThermocoupleMath.c:381:8:Type_T_Thermocouple_m5603to0_inverse	32	static
../Core/Src/ThermocoupleMath.c:388:8:Type_T_Thermocouple_0to20872_inverse	32	static
../Core/Src/ThermocoupleMath.c:396:8:Type_T_Thermocouple_inverse	16	static
../Core/Src/ThermocoupleMath.c:407:8:Type_E_Thermocouple_m270to0_direct	32	static
../Core/Src/ThermocoupleMath.c:414:8:Type_E_Thermocouple_0to400_direct	32	static
../Core/Src/ThermocoupleMath.c:422:8:Type_E_Thermocouple_direct	16	static
../Core/Src/ThermocoupleMath.c:432:8:Type_E_Thermocouple_m8825to0_inverse	32	static
../Core/Src/ThermocoupleMath.c:439:8:Type_E_Thermocouple_0to76373_inverse	32	static
../Core/Src/ThermocoupleMath.c:447:8:Type_E_Thermocouple_inverse	16	static
../Core/Src/ThermocoupleMath.c:459:8:Type_N_Thermocouple_m270to0_direct	32	static
../Core/Src/ThermocoupleMath.c:466:8:Type_N_Thermocouple_m270to1300_direct	32	static
../Core/Src/ThermocoupleMath.c:474:8:Type_N_Thermocouple_direct	16	static
../Core/Src/ThermocoupleMath.c:484:8:Type_N_Thermocouple_m3990to0_inverse	32	static
../Core/Src/ThermocoupleMath.c:491:8:Type_N_Thermocouple_0to20613_inverse	32	static
../Core/Src/ThermocoupleMath.c:498:8:Type_N_Thermocouple_20613to47513_inverse	32	static
../Core/Src/ThermocoupleMath.c:505:8:Type_N_Thermocouple_inverse	16	static
../Core/Src/ThermocoupleMath.c:518:8:Type_B_Thermocouple_0to630p615_direct	32	static
../Core/Src/ThermocoupleMath.c:525:8:Type_B_Thermocouple_630p615to1820_direct	32	static
../Core/Src/ThermocoupleMath.c:533:8:Type_B_Thermocouple_direct	16	static
../Core/Src/ThermocoupleMath.c:543:8:Type_B_Thermocouple_291to2431_inverse	32	static
../Core/Src/ThermocoupleMath.c:550:8:Type_B_Thermocouple_2431to13820_inverse	32	static
../Core/Src/ThermocoupleMath.c:558:8:Type_B_Thermocouple_inverse	16	static
../Core/Src/ThermocoupleMath.c:570:8:Type_S_Thermocouple_m50to1064p18_direct	32	static
../Core/Src/ThermocoupleMath.c:577:8:Type_S_Thermocouple_1064p18to1664p5_direct	32	static
../Core/Src/ThermocoupleMath.c:584:8:Type_S_Thermocouple_1664p5to1768p1_direct	32	static
../Core/Src/ThermocoupleMath.c:591:8:Type_S_Thermocouple_direct	16	static
../Core/Src/ThermocoupleMath.c:602:8:Type_S_Thermocouple_m235to1874_inverse	32	static
../Core/Src/ThermocoupleMath.c:609:8:Type_S_Thermocouple_1874to10332_inverse	32	static
../Core/Src/ThermocoupleMath.c:616:8:Type_S_Thermocouple_10332to17536_inverse	32	static
../Core/Src/ThermocoupleMath.c:623:8:Type_S_Thermocouple_17536to18693_inverse	32	static
../Core/Src/ThermocoupleMath.c:630:8:Type_S_Thermocouple_inverse	16	static
../Core/Src/ThermocoupleMath.c:644:8:Type_R_Thermocouple_m50to1064p18_direct	32	static
../Core/Src/ThermocoupleMath.c:651:8:Type_R_Thermocouple_1064p18to1664p5_direct	32	static
../Core/Src/ThermocoupleMath.c:658:8:Type_R_Thermocouple_1664p5to1768p1_direct	32	static
../Core/Src/ThermocoupleMath.c:665:8:Type_R_Thermocouple_direct	16	static
../Core/Src/ThermocoupleMath.c:676:8:Type_R_Thermocouple_m226to1923_inverse	32	static
../Core/Src/ThermocoupleMath.c:683:8:Type_R_Thermocouple_1923to11361_inverse	32	static
../Core/Src/ThermocoupleMath.c:690:8:Type_R_Thermocouple_11361to19739_inverse	32	static
../Core/Src/ThermocoupleMath.c:697:8:Type_R_Thermocouple_19739to21103_inverse	32	static
../Core/Src/ThermocoupleMath.c:704:8:Type_R_Thermocouple_inverse	16	static
../Core/Src/ThermocoupleMath.c:717:8:Type_J_Thermocouple_m210to760_direct	32	static
../Core/Src/ThermocoupleMath.c:724:8:Type_J_Thermocouple_760to1200_direct	32	static
../Core/Src/ThermocoupleMath.c:731:8:Type_J_Thermocouple_direct	16	static
../Core/Src/ThermocoupleMath.c:741:8:Type_J_Thermocouple_m8095to0_inverse	32	static
../Core/Src/ThermocoupleMath.c:748:8:Type_J_Thermocouple_0to42919_inverse	32	static
../Core/Src/ThermocoupleMath.c:755:8:Type_J_Thermocouple_42919to69553_inverse	32	static
../Core/Src/ThermocoupleMath.c:762:8:Type_J_Thermocouple_inverse	16	static
../Core/Src/ThermocoupleMath.c:773:8:Type_K_Thermocouple_m270to0_direct	32	static
../Core/Src/ThermocoupleMath.c:780:8:Type_K_Thermocouple_0to1372_direct	48	static
../Core/Src/ThermocoupleMath.c:792:8:Type_K_Thermocouple_direct	16	static
../Core/Src/ThermocoupleMath.c:802:8:Type_K_Thermocouple_m5891to0_inverse	32	static
../Core/Src/ThermocoupleMath.c:809:8:Type_K_Thermocouple_0to20644_inverse	32	static
../Core/Src/ThermocoupleMath.c:816:8:Type_K_Thermocouple_20644to54886_inverse	32	static
../Core/Src/ThermocoupleMath.c:823:8:Type_K_Thermocouple_inverse	16	static
